\BOOKMARK [0][]{chapter.1}{\376\377\000B\000e\000v\000e\000z\000e\000t\001\121}{}% 1
\BOOKMARK [0][]{chapter.2}{\376\377\000H\000a\000s\000o\000n\000l\000\363\000\040\000a\000l\000k\000a\000l\000m\000a\000z\000\341\000s\000o\000k\000,\000\040\000f\000e\000l\000h\000a\000s\000z\000n\000\341\000l\000t\000\040\000t\000e\000c\000h\000n\000o\000l\000\363\000g\000i\000\341\000k}{}% 2
\BOOKMARK [1][]{section.2.1}{\376\377\000H\000a\000s\000o\000n\000l\000\363\000\040\000a\000l\000k\000a\000l\000m\000a\000z\000\341\000s\000o\000k}{chapter.2}% 3
\BOOKMARK [1][]{section.2.2}{\376\377\000F\000e\000l\000h\000a\000s\000z\000n\000\341\000l\000t\000\040\000t\000e\000c\000h\000n\000o\000l\000\363\000g\000i\000\341\000k}{chapter.2}% 4
\BOOKMARK [2][]{subsection.2.2.1}{\376\377\000F\000l\000u\000t\000t\000e\000r}{section.2.2}% 5
\BOOKMARK [2][]{subsection.2.2.2}{\376\377\000A\000S\000P\000.\000N\000E\000T\000\040\000C\000o\000r\000e}{section.2.2}% 6
\BOOKMARK [2][]{subsection.2.2.3}{\376\377\000M\000i\000c\000r\000o\000s\000o\000f\000t\000\040\000S\000Q\000L\000\040\000S\000e\000r\000v\000e\000r}{section.2.2}% 7
\BOOKMARK [2][]{subsection.2.2.4}{\376\377\000P\000y\000t\000h\000o\000n}{section.2.2}% 8
\BOOKMARK [0][]{chapter.3}{\376\377\000R\000e\000n\000d\000s\000z\000e\000r\000\040\000s\000p\000e\000c\000i\000f\000i\000k\000\341\000c\000i\000\363\000j\000a}{}% 9
\BOOKMARK [1][]{section.3.1}{\376\377\000F\000e\000l\000h\000a\000s\000z\000n\000\341\000l\000\363\000i\000\040\000k\000\366\000v\000e\000t\000e\000l\000m\000\351\000n\000y\000e\000k}{chapter.3}% 10
\BOOKMARK [1][]{section.3.2}{\376\377\000R\000e\000n\000d\000s\000z\000e\000r\000k\000\366\000v\000e\000t\000e\000l\000m\000\351\000n\000y\000e\000k}{chapter.3}% 11
\BOOKMARK [2][]{subsection.3.2.1}{\376\377\000F\000u\000n\000c\000k\000i\000o\000n\000\341\000l\000i\000s\000\040\000k\000\366\000v\000e\000t\000e\000l\000m\000\351\000n\000y\000e\000k}{section.3.2}% 12
\BOOKMARK [2][]{subsection.3.2.2}{\376\377\000N\000e\000m\000\040\000f\000u\000n\000k\000c\000i\000o\000n\000\341\000l\000i\000s\000\040\000k\000\366\000v\000e\000t\000e\000l\000m\000\351\000n\000y\000e\000k}{section.3.2}% 13
\BOOKMARK [0][]{chapter.4}{\376\377\000T\000e\000r\000v\000e\000z\000\351\000s}{}% 14
\BOOKMARK [1][]{section.4.1}{\376\377\000S\000z\000o\000f\000t\000v\000e\000r\000\040\000t\000e\000r\000v}{chapter.4}% 15
\BOOKMARK [2][]{subsection.4.1.1}{\376\377\000L\000o\000g\000i\000k\000a\000i\000\040\000n\000\351\000z\000e\000t}{section.4.1}% 16
\BOOKMARK [2][]{subsection.4.1.2}{\376\377\000F\000o\000l\000y\000a\000m\000a\000t\000\040\000n\000\351\000z\000e\000t}{section.4.1}% 17
\BOOKMARK [1][]{section.4.2}{\376\377\000A\000d\000a\000t\000b\000\341\000z\000i\000s\000\040\000t\000e\000r\000v}{chapter.4}% 18
\BOOKMARK [1][]{section.4.3}{\376\377\000F\000e\000l\000h\000a\000s\000z\000n\000\341\000l\000\363\000i\000\040\000f\000e\000l\000\374\000l\000e\000t\000\040\000t\000e\000r\000v}{chapter.4}% 19
\BOOKMARK [1][]{section.4.4}{\376\377\000V\000e\000r\000z\000i\000\363\000k\000\366\000v\000e\000t\000\351\000s}{chapter.4}% 20
\BOOKMARK [1][]{section.4.5}{\376\377\000P\000r\000o\000j\000e\000k\000t\000m\000e\000n\000e\000d\000z\000s\000m\000e\000n\000t}{chapter.4}% 21
\BOOKMARK [0][]{chapter.5}{\376\377\000M\000e\000g\000v\000a\000l\000\363\000s\000\355\000t\000\341\000s}{}% 22
\BOOKMARK [1][]{section.5.1}{\376\377\000A\000z\000\040\000a\000l\000k\000a\000l\000m\000a\000z\000\341\000s\000\040\000a\000r\000c\000h\000i\000t\000e\000k\000t\000\372\000r\000\341\000j\000a}{chapter.5}% 23
\BOOKMARK [1][]{section.5.2}{\376\377\000F\000r\000o\000n\000t\000e\000n\000d\000\040\000m\000e\000g\000v\000a\000l\000\363\000s\000\355\000t\000\341\000s\000a}{chapter.5}% 24
\BOOKMARK [1][]{section.5.3}{\376\377\000B\000a\000c\000k\000e\000n\000d\000\040\000m\000e\000g\000v\000a\000l\000\363\000s\000\355\000t\000\341\000s\000a}{chapter.5}% 25
\BOOKMARK [1][]{section.5.4}{\376\377\000A\000I\000\040\000s\000e\000r\000v\000i\000c\000e\000\040\000m\000e\000g\000v\000a\000l\000\363\000s\000\355\000t\000\341\000s\000a}{chapter.5}% 26
\BOOKMARK [0][]{chapter.6}{\376\377\000K\000u\000t\000a\000t\000\341\000s\000i\000\040\000t\000e\000r\000v\000\040\000\351\000s\000\040\000\351\000r\000t\000\351\000k\000e\000l\000\351\000s\000i\000\040\000m\000\363\000d\000s\000z\000e\000r\000t\000a\000n}{}% 27
\BOOKMARK [1][]{section.6.1}{\376\377\000A\000\040\000k\000u\000t\000a\000t\000\341\000s\000\040\000c\000\351\000l\000j\000a}{chapter.6}% 28
\BOOKMARK [1][]{section.6.2}{\376\377\000K\000u\000t\000a\000t\000\341\000s\000i\000\040\000k\000\351\000r\000d\000\351\000s\000e\000k\000\040\000\351\000s\000\040\000h\000i\000p\000o\000t\000\351\000z\000i\000s\000e\000k}{chapter.6}% 29
\BOOKMARK [1][]{section.6.3}{\376\377\000R\000\351\000s\000z\000t\000v\000e\000v\001\121\000k}{chapter.6}% 30
\BOOKMARK [1][]{section.6.4}{\376\377\000A\000\040\000t\000a\000n\000\363\000r\000a\000\040\000t\000\351\000m\000\341\000j\000a\000\040\000\351\000s\000\040\000m\000e\000n\000e\000t\000e}{chapter.6}% 31
\BOOKMARK [1][]{section.6.5}{\376\377\000M\000\351\000r\001\121\000e\000s\000z\000k\000\366\000z\000\366\000k}{chapter.6}% 32
\BOOKMARK [1][]{section.6.6}{\376\377\000A\000d\000a\000t\000e\000l\000e\000m\000z\000\351\000s\000i\000\040\000m\000\363\000d\000s\000z\000e\000r\000e\000k}{chapter.6}% 33
\BOOKMARK [1][]{section.6.7}{\376\377\000E\000t\000i\000k\000a\000i\000\040\000s\000z\000e\000m\000p\000o\000n\000t\000o\000k}{chapter.6}% 34
\BOOKMARK [0][]{chapter.7}{\376\377\000K\000u\000t\000a\000t\000\341\000s\000i\000\040\000e\000r\000e\000d\000m\000\351\000n\000y\000e\000k\000\040\000\351\000s\000\040\000k\000i\000\351\000r\000t\000\351\000k\000e\000l\000\351\000s}{}% 35
\BOOKMARK [0][]{chapter.8}{\376\377\000K\000\366\000v\000e\000t\000k\000e\000z\000t\000e\000t\000\351\000s\000e\000k\000\040\000\351\000s\000\040\000t\000o\000v\000\341\000b\000b\000f\000e\000j\000l\000e\000s\000z\000t\000\351\000s\000i\000\040\000l\000e\000h\000e\000t\001\121\000s\000\351\000g\000e\000k}{}% 36
\BOOKMARK [0][]{chapter*.14}{\376\377\000\301\000b\000r\000\341\000k\000\040\000j\000e\000g\000y\000z\000\351\000k\000e}{}% 37
\BOOKMARK [0][]{chapter*.15}{\376\377\000I\000r\000o\000d\000a\000l\000o\000m\000j\000e\000g\000y\000z\000\351\000k}{}% 38
